[2026-02-13 15:33:23,281: INFO: common: yaml file: config\config.yaml loaded successfully]
[2026-02-13 15:33:23,311: INFO: common: yaml file: params.yaml loaded successfully]
[2026-02-13 15:36:08,051: INFO: common: yaml file: config\config.yaml loaded successfully]
[2026-02-13 15:36:08,053: INFO: common: yaml file: params.yaml loaded successfully]
[2026-02-13 15:37:16,644: INFO: common: yaml file: config\config.yaml loaded successfully]
[2026-02-13 15:37:16,646: INFO: common: yaml file: params.yaml loaded successfully]
[2026-02-13 15:39:29,757: INFO: common: yaml file: config\config.yaml loaded successfully]
[2026-02-13 15:39:29,766: INFO: common: yaml file: params.yaml loaded successfully]
[2026-02-13 15:39:29,782: INFO: common: created directory at: artifacts]
[2026-02-13 15:39:29,782: INFO: common: created directory at: artifacts/data_ingestion]
[2026-02-13 15:39:34,278: INFO: 1454106726: File is downloaded]
[2026-02-13 16:56:07,618: INFO: main: stage Data Ingestion stage initiated]
[2026-02-13 16:56:07,620: INFO: common: yaml file: config\config.yaml loaded successfully]
[2026-02-13 16:56:07,630: INFO: common: yaml file: params.yaml loaded successfully]
[2026-02-13 16:56:07,631: INFO: common: created directory at: artifacts]
[2026-02-13 16:56:07,631: INFO: common: created directory at: artifacts/data_ingestion]
[2026-02-13 16:56:07,631: INFO: data_ingestion: File already exits]
[2026-02-13 16:56:07,750: INFO: main: Stage Data Ingestion stage Completed]
[2026-02-13 17:48:34,861: INFO: common: yaml file: config\config.yaml loaded successfully]
[2026-02-13 17:48:34,862: INFO: common: yaml file: params.yaml loaded successfully]
[2026-02-13 17:48:34,864: INFO: common: created directory at: artifacts]
[2026-02-13 17:48:34,865: INFO: common: created directory at: artifacts/data_transformation]
[2026-02-13 17:48:35,621: INFO: _client: HTTP Request: HEAD https://huggingface.co/google/pegasus-cnn_dailymail/resolve/main/config.json "HTTP/1.1 307 Temporary Redirect"]
[2026-02-13 17:48:35,637: INFO: _client: HTTP Request: HEAD https://huggingface.co/api/resolve-cache/models/google/pegasus-cnn_dailymail/40d588fdab0cc077b80d950b300bf66ad3c75b92/config.json "HTTP/1.1 200 OK"]
[2026-02-13 17:48:35,724: INFO: _client: HTTP Request: GET https://huggingface.co/api/resolve-cache/models/google/pegasus-cnn_dailymail/40d588fdab0cc077b80d950b300bf66ad3c75b92/config.json "HTTP/1.1 200 OK"]
[2026-02-13 17:48:37,261: INFO: _client: HTTP Request: HEAD https://huggingface.co/google/pegasus-cnn_dailymail/resolve/main/tokenizer_config.json "HTTP/1.1 307 Temporary Redirect"]
[2026-02-13 17:48:37,354: INFO: _client: HTTP Request: HEAD https://huggingface.co/api/resolve-cache/models/google/pegasus-cnn_dailymail/40d588fdab0cc077b80d950b300bf66ad3c75b92/tokenizer_config.json "HTTP/1.1 200 OK"]
[2026-02-13 17:48:37,413: INFO: _client: HTTP Request: GET https://huggingface.co/api/resolve-cache/models/google/pegasus-cnn_dailymail/40d588fdab0cc077b80d950b300bf66ad3c75b92/tokenizer_config.json "HTTP/1.1 200 OK"]
[2026-02-13 17:48:37,669: INFO: _client: HTTP Request: GET https://huggingface.co/api/models/google/pegasus-cnn_dailymail/tree/main/additional_chat_templates?recursive=false&expand=false "HTTP/1.1 404 Not Found"]
[2026-02-13 17:48:37,976: INFO: _client: HTTP Request: GET https://huggingface.co/api/models/google/pegasus-cnn_dailymail/tree/main?recursive=true&expand=false "HTTP/1.1 200 OK"]
[2026-02-13 17:48:38,286: INFO: _client: HTTP Request: HEAD https://huggingface.co/google/pegasus-cnn_dailymail/resolve/main/spiece.model "HTTP/1.1 307 Temporary Redirect"]
[2026-02-13 17:48:38,389: INFO: _client: HTTP Request: HEAD https://huggingface.co/api/resolve-cache/models/google/pegasus-cnn_dailymail/40d588fdab0cc077b80d950b300bf66ad3c75b92/spiece.model "HTTP/1.1 200 OK"]
[2026-02-13 17:48:38,489: INFO: _client: HTTP Request: GET https://huggingface.co/api/resolve-cache/models/google/pegasus-cnn_dailymail/40d588fdab0cc077b80d950b300bf66ad3c75b92/spiece.model "HTTP/1.1 200 OK"]
[2026-02-13 17:48:38,899: INFO: _client: HTTP Request: HEAD https://huggingface.co/google/pegasus-cnn_dailymail/resolve/main/tokenizer.json "HTTP/1.1 404 Not Found"]
[2026-02-13 17:48:39,145: INFO: _client: HTTP Request: HEAD https://huggingface.co/google/pegasus-cnn_dailymail/resolve/main/added_tokens.json "HTTP/1.1 404 Not Found"]
[2026-02-13 17:48:39,393: INFO: _client: HTTP Request: HEAD https://huggingface.co/google/pegasus-cnn_dailymail/resolve/main/special_tokens_map.json "HTTP/1.1 307 Temporary Redirect"]
[2026-02-13 17:48:39,440: INFO: _client: HTTP Request: HEAD https://huggingface.co/api/resolve-cache/models/google/pegasus-cnn_dailymail/40d588fdab0cc077b80d950b300bf66ad3c75b92/special_tokens_map.json "HTTP/1.1 200 OK"]
[2026-02-13 17:48:39,487: INFO: _client: HTTP Request: GET https://huggingface.co/api/resolve-cache/models/google/pegasus-cnn_dailymail/40d588fdab0cc077b80d950b300bf66ad3c75b92/special_tokens_map.json "HTTP/1.1 200 OK"]
[2026-02-13 17:48:39,733: INFO: _client: HTTP Request: HEAD https://huggingface.co/google/pegasus-cnn_dailymail/resolve/main/chat_template.jinja "HTTP/1.1 404 Not Found"]
[2026-02-13 18:02:14,326: INFO: common: yaml file: config\config.yaml loaded successfully]
[2026-02-13 18:02:14,328: INFO: common: yaml file: params.yaml loaded successfully]
[2026-02-13 18:02:14,330: INFO: common: created directory at: artifacts]
[2026-02-13 18:02:14,332: INFO: common: created directory at: artifacts/data_transformation]
[2026-02-13 18:02:14,613: INFO: _client: HTTP Request: HEAD https://huggingface.co/google/pegasus-cnn_dailymail/resolve/main/config.json "HTTP/1.1 307 Temporary Redirect"]
[2026-02-13 18:02:14,614: WARNING: _http: Warning: You are sending unauthenticated requests to the HF Hub. Please set a HF_TOKEN to enable higher rate limits and faster downloads.]
[2026-02-13 18:02:14,624: INFO: _client: HTTP Request: HEAD https://huggingface.co/api/resolve-cache/models/google/pegasus-cnn_dailymail/40d588fdab0cc077b80d950b300bf66ad3c75b92/config.json "HTTP/1.1 200 OK"]
[2026-02-13 18:02:14,919: INFO: _client: HTTP Request: HEAD https://huggingface.co/google/pegasus-cnn_dailymail/resolve/main/tokenizer_config.json "HTTP/1.1 307 Temporary Redirect"]
[2026-02-13 18:02:14,930: INFO: _client: HTTP Request: HEAD https://huggingface.co/api/resolve-cache/models/google/pegasus-cnn_dailymail/40d588fdab0cc077b80d950b300bf66ad3c75b92/tokenizer_config.json "HTTP/1.1 200 OK"]
[2026-02-13 18:02:15,230: INFO: _client: HTTP Request: GET https://huggingface.co/api/models/google/pegasus-cnn_dailymail/tree/main/additional_chat_templates?recursive=false&expand=false "HTTP/1.1 404 Not Found"]
[2026-02-13 18:02:15,535: INFO: _client: HTTP Request: GET https://huggingface.co/api/models/google/pegasus-cnn_dailymail/tree/main?recursive=true&expand=false "HTTP/1.1 200 OK"]
[2026-02-13 20:27:10,319: INFO: main: stage Data Ingestion stage initiated]
[2026-02-13 20:27:10,323: INFO: common: yaml file: config\config.yaml loaded successfully]
[2026-02-13 20:27:10,324: INFO: common: yaml file: params.yaml loaded successfully]
[2026-02-13 20:27:10,339: INFO: common: created directory at: artifacts]
[2026-02-13 20:27:10,339: INFO: common: created directory at: artifacts/data_ingestion]
[2026-02-13 20:27:29,659: INFO: data_ingestion: File is downloaded]
[2026-02-13 20:27:29,823: INFO: main: Stage Data Ingestion stage Completed]
[2026-02-13 20:27:29,823: INFO: main: stage Data Transformation stage initiated]
[2026-02-13 20:27:29,827: INFO: common: yaml file: config\config.yaml loaded successfully]
[2026-02-13 20:27:29,827: INFO: common: yaml file: params.yaml loaded successfully]
[2026-02-13 20:27:29,828: INFO: common: created directory at: artifacts]
[2026-02-13 20:27:29,828: INFO: common: created directory at: artifacts/data_transformation]
[2026-02-13 20:27:30,121: INFO: _client: HTTP Request: HEAD https://huggingface.co/google/pegasus-cnn_dailymail/resolve/main/config.json "HTTP/1.1 307 Temporary Redirect"]
[2026-02-13 20:27:30,136: INFO: _client: HTTP Request: HEAD https://huggingface.co/api/resolve-cache/models/google/pegasus-cnn_dailymail/40d588fdab0cc077b80d950b300bf66ad3c75b92/config.json "HTTP/1.1 200 OK"]
[2026-02-13 20:27:30,416: INFO: _client: HTTP Request: HEAD https://huggingface.co/google/pegasus-cnn_dailymail/resolve/main/tokenizer_config.json "HTTP/1.1 307 Temporary Redirect"]
[2026-02-13 20:27:30,434: INFO: _client: HTTP Request: HEAD https://huggingface.co/api/resolve-cache/models/google/pegasus-cnn_dailymail/40d588fdab0cc077b80d950b300bf66ad3c75b92/tokenizer_config.json "HTTP/1.1 200 OK"]
[2026-02-13 20:27:30,691: INFO: _client: HTTP Request: GET https://huggingface.co/api/models/google/pegasus-cnn_dailymail/tree/main/additional_chat_templates?recursive=false&expand=false "HTTP/1.1 404 Not Found"]
[2026-02-13 20:27:30,927: INFO: _client: HTTP Request: GET https://huggingface.co/api/models/google/pegasus-cnn_dailymail/tree/main?recursive=true&expand=false "HTTP/1.1 200 OK"]
[2026-02-13 20:27:37,370: INFO: main: Stage Data Transformation stage Completed]
[2026-02-13 22:03:10,037: INFO: common: yaml file: config\config.yaml loaded successfully]
[2026-02-13 22:03:10,040: INFO: common: yaml file: params.yaml loaded successfully]
[2026-02-13 22:03:10,042: INFO: common: created directory at: artifacts]
[2026-02-13 22:03:10,043: INFO: common: created directory at: artifacts/model_trainer]
[2026-02-13 22:03:11,361: INFO: _client: HTTP Request: HEAD https://huggingface.co/google/pegasus-cnn_dailymail/resolve/main/config.json "HTTP/1.1 307 Temporary Redirect"]
[2026-02-13 22:03:11,373: INFO: _client: HTTP Request: HEAD https://huggingface.co/api/resolve-cache/models/google/pegasus-cnn_dailymail/40d588fdab0cc077b80d950b300bf66ad3c75b92/config.json "HTTP/1.1 200 OK"]
[2026-02-13 22:03:11,665: INFO: _client: HTTP Request: HEAD https://huggingface.co/google/pegasus-cnn_dailymail/resolve/main/tokenizer_config.json "HTTP/1.1 307 Temporary Redirect"]
[2026-02-13 22:03:11,698: INFO: _client: HTTP Request: HEAD https://huggingface.co/api/resolve-cache/models/google/pegasus-cnn_dailymail/40d588fdab0cc077b80d950b300bf66ad3c75b92/tokenizer_config.json "HTTP/1.1 200 OK"]
[2026-02-13 22:03:11,969: INFO: _client: HTTP Request: GET https://huggingface.co/api/models/google/pegasus-cnn_dailymail/tree/main/additional_chat_templates?recursive=false&expand=false "HTTP/1.1 404 Not Found"]
[2026-02-13 22:03:12,235: INFO: _client: HTTP Request: GET https://huggingface.co/api/models/google/pegasus-cnn_dailymail/tree/main?recursive=true&expand=false "HTTP/1.1 200 OK"]
[2026-02-13 22:03:14,244: INFO: _client: HTTP Request: HEAD https://huggingface.co/google/pegasus-cnn_dailymail/resolve/main/config.json "HTTP/1.1 307 Temporary Redirect"]
[2026-02-13 22:03:14,262: INFO: _client: HTTP Request: HEAD https://huggingface.co/api/resolve-cache/models/google/pegasus-cnn_dailymail/40d588fdab0cc077b80d950b300bf66ad3c75b92/config.json "HTTP/1.1 200 OK"]
[2026-02-13 22:03:14,946: INFO: _client: HTTP Request: HEAD https://huggingface.co/google/pegasus-cnn_dailymail/resolve/main/model.safetensors "HTTP/1.1 404 Not Found"]
[2026-02-13 22:03:15,248: INFO: _client: HTTP Request: HEAD https://huggingface.co/google/pegasus-cnn_dailymail/resolve/main/model.safetensors.index.json "HTTP/1.1 404 Not Found"]
[2026-02-13 22:03:15,559: INFO: _client: HTTP Request: HEAD https://huggingface.co/google/pegasus-cnn_dailymail/resolve/main/pytorch_model.bin "HTTP/1.1 302 Found"]
[2026-02-13 22:03:15,560: WARNING: _http: Warning: You are sending unauthenticated requests to the HF Hub. Please set a HF_TOKEN to enable higher rate limits and faster downloads.]
[2026-02-13 22:03:16,133: INFO: _client: HTTP Request: GET https://huggingface.co/api/models/google/pegasus-cnn_dailymail/xet-read-token/40d588fdab0cc077b80d950b300bf66ad3c75b92 "HTTP/1.1 200 OK"]
[2026-02-13 22:04:21,135: INFO: _client: HTTP Request: HEAD https://huggingface.co/google/pegasus-cnn_dailymail/resolve/main/model.safetensors "HTTP/1.1 404 Not Found"]
[2026-02-13 22:04:21,373: INFO: _client: HTTP Request: GET https://huggingface.co/api/models/google/pegasus-cnn_dailymail "HTTP/1.1 200 OK"]
[2026-02-13 22:04:21,692: INFO: _client: HTTP Request: GET https://huggingface.co/api/models/google/pegasus-cnn_dailymail/commits/main "HTTP/1.1 200 OK"]
[2026-02-13 22:04:22,373: INFO: _client: HTTP Request: GET https://huggingface.co/api/models/google/pegasus-cnn_dailymail/discussions?p=0 "HTTP/1.1 200 OK"]
[2026-02-13 22:04:22,718: INFO: _client: HTTP Request: GET https://huggingface.co/api/models/google/pegasus-cnn_dailymail/commits/refs%2Fpr%2F12 "HTTP/1.1 200 OK"]
[2026-02-13 22:04:23,056: INFO: _client: HTTP Request: HEAD https://huggingface.co/google/pegasus-cnn_dailymail/resolve/refs%2Fpr%2F12/model.safetensors.index.json "HTTP/1.1 404 Not Found"]
[2026-02-13 22:04:23,375: INFO: _client: HTTP Request: HEAD https://huggingface.co/google/pegasus-cnn_dailymail/resolve/refs%2Fpr%2F12/model.safetensors "HTTP/1.1 302 Found"]
[2026-02-13 22:04:23,607: INFO: _client: HTTP Request: GET https://huggingface.co/api/models/google/pegasus-cnn_dailymail/xet-read-token/7db4e727842ad86cc5cdfeaef4d14c6fb2b46511 "HTTP/1.1 200 OK"]
[2026-02-13 22:04:34,893: INFO: _client: HTTP Request: HEAD https://huggingface.co/google/pegasus-cnn_dailymail/resolve/main/generation_config.json "HTTP/1.1 307 Temporary Redirect"]
[2026-02-13 22:04:34,964: INFO: _client: HTTP Request: HEAD https://huggingface.co/api/resolve-cache/models/google/pegasus-cnn_dailymail/40d588fdab0cc077b80d950b300bf66ad3c75b92/generation_config.json "HTTP/1.1 200 OK"]
[2026-02-13 22:04:35,390: INFO: _client: HTTP Request: GET https://huggingface.co/api/resolve-cache/models/google/pegasus-cnn_dailymail/40d588fdab0cc077b80d950b300bf66ad3c75b92/generation_config.json "HTTP/1.1 200 OK"]
[2026-02-13 22:09:45,815: INFO: common: yaml file: config\config.yaml loaded successfully]
[2026-02-13 22:09:45,819: INFO: common: yaml file: params.yaml loaded successfully]
[2026-02-13 22:09:45,820: INFO: common: created directory at: artifacts]
[2026-02-13 22:09:45,821: INFO: common: created directory at: artifacts/model_trainer]
[2026-02-13 22:09:46,213: INFO: _client: HTTP Request: HEAD https://huggingface.co/google/pegasus-cnn_dailymail/resolve/main/config.json "HTTP/1.1 307 Temporary Redirect"]
[2026-02-13 22:09:46,261: INFO: _client: HTTP Request: HEAD https://huggingface.co/api/resolve-cache/models/google/pegasus-cnn_dailymail/40d588fdab0cc077b80d950b300bf66ad3c75b92/config.json "HTTP/1.1 200 OK"]
[2026-02-13 22:09:46,518: INFO: _client: HTTP Request: HEAD https://huggingface.co/google/pegasus-cnn_dailymail/resolve/main/tokenizer_config.json "HTTP/1.1 307 Temporary Redirect"]
[2026-02-13 22:09:46,527: INFO: _client: HTTP Request: HEAD https://huggingface.co/api/resolve-cache/models/google/pegasus-cnn_dailymail/40d588fdab0cc077b80d950b300bf66ad3c75b92/tokenizer_config.json "HTTP/1.1 200 OK"]
[2026-02-13 22:09:46,776: INFO: _client: HTTP Request: GET https://huggingface.co/api/models/google/pegasus-cnn_dailymail/tree/main/additional_chat_templates?recursive=false&expand=false "HTTP/1.1 404 Not Found"]
[2026-02-13 22:09:47,055: INFO: _client: HTTP Request: GET https://huggingface.co/api/models/google/pegasus-cnn_dailymail/tree/main?recursive=true&expand=false "HTTP/1.1 200 OK"]
[2026-02-13 22:09:47,645: INFO: _client: HTTP Request: HEAD https://huggingface.co/google/pegasus-cnn_dailymail/resolve/main/config.json "HTTP/1.1 307 Temporary Redirect"]
[2026-02-13 22:09:47,656: INFO: _client: HTTP Request: HEAD https://huggingface.co/api/resolve-cache/models/google/pegasus-cnn_dailymail/40d588fdab0cc077b80d950b300bf66ad3c75b92/config.json "HTTP/1.1 200 OK"]
[2026-02-13 22:09:47,952: INFO: _client: HTTP Request: HEAD https://huggingface.co/google/pegasus-cnn_dailymail/resolve/main/model.safetensors "HTTP/1.1 404 Not Found"]
[2026-02-13 22:09:48,681: INFO: _client: HTTP Request: GET https://huggingface.co/api/models/google/pegasus-cnn_dailymail "HTTP/1.1 200 OK"]
[2026-02-13 22:09:49,112: INFO: _client: HTTP Request: GET https://huggingface.co/api/models/google/pegasus-cnn_dailymail/commits/main "HTTP/1.1 200 OK"]
[2026-02-13 22:09:49,528: INFO: _client: HTTP Request: GET https://huggingface.co/api/models/google/pegasus-cnn_dailymail/discussions?p=0 "HTTP/1.1 200 OK"]
[2026-02-13 22:09:49,957: INFO: _client: HTTP Request: GET https://huggingface.co/api/models/google/pegasus-cnn_dailymail/commits/refs%2Fpr%2F12 "HTTP/1.1 200 OK"]
[2026-02-13 22:09:50,409: INFO: _client: HTTP Request: HEAD https://huggingface.co/google/pegasus-cnn_dailymail/resolve/refs%2Fpr%2F12/model.safetensors.index.json "HTTP/1.1 404 Not Found"]
[2026-02-13 22:09:50,904: INFO: _client: HTTP Request: HEAD https://huggingface.co/google/pegasus-cnn_dailymail/resolve/refs%2Fpr%2F12/model.safetensors "HTTP/1.1 302 Found"]
[2026-02-13 22:09:57,684: INFO: _client: HTTP Request: HEAD https://huggingface.co/google/pegasus-cnn_dailymail/resolve/main/generation_config.json "HTTP/1.1 307 Temporary Redirect"]
[2026-02-13 22:09:57,782: INFO: _client: HTTP Request: HEAD https://huggingface.co/api/resolve-cache/models/google/pegasus-cnn_dailymail/40d588fdab0cc077b80d950b300bf66ad3c75b92/generation_config.json "HTTP/1.1 200 OK"]
[2026-02-13 22:11:12,017: INFO: common: yaml file: config\config.yaml loaded successfully]
[2026-02-13 22:11:12,022: INFO: common: yaml file: params.yaml loaded successfully]
[2026-02-13 22:11:12,025: INFO: common: created directory at: artifacts]
[2026-02-13 22:11:12,028: INFO: common: created directory at: artifacts/model_trainer]
[2026-02-13 22:11:12,330: INFO: _client: HTTP Request: HEAD https://huggingface.co/google/pegasus-cnn_dailymail/resolve/main/config.json "HTTP/1.1 307 Temporary Redirect"]
[2026-02-13 22:11:12,342: INFO: _client: HTTP Request: HEAD https://huggingface.co/api/resolve-cache/models/google/pegasus-cnn_dailymail/40d588fdab0cc077b80d950b300bf66ad3c75b92/config.json "HTTP/1.1 200 OK"]
[2026-02-13 22:11:12,637: INFO: _client: HTTP Request: HEAD https://huggingface.co/google/pegasus-cnn_dailymail/resolve/main/tokenizer_config.json "HTTP/1.1 307 Temporary Redirect"]
[2026-02-13 22:11:12,663: INFO: _client: HTTP Request: HEAD https://huggingface.co/api/resolve-cache/models/google/pegasus-cnn_dailymail/40d588fdab0cc077b80d950b300bf66ad3c75b92/tokenizer_config.json "HTTP/1.1 200 OK"]
[2026-02-13 22:11:12,944: INFO: _client: HTTP Request: GET https://huggingface.co/api/models/google/pegasus-cnn_dailymail/tree/main/additional_chat_templates?recursive=false&expand=false "HTTP/1.1 404 Not Found"]
[2026-02-13 22:11:13,210: INFO: _client: HTTP Request: GET https://huggingface.co/api/models/google/pegasus-cnn_dailymail/tree/main?recursive=true&expand=false "HTTP/1.1 200 OK"]
[2026-02-13 22:11:13,865: INFO: _client: HTTP Request: HEAD https://huggingface.co/google/pegasus-cnn_dailymail/resolve/main/config.json "HTTP/1.1 307 Temporary Redirect"]
[2026-02-13 22:11:13,883: INFO: _client: HTTP Request: HEAD https://huggingface.co/api/resolve-cache/models/google/pegasus-cnn_dailymail/40d588fdab0cc077b80d950b300bf66ad3c75b92/config.json "HTTP/1.1 200 OK"]
[2026-02-13 22:11:14,172: INFO: _client: HTTP Request: HEAD https://huggingface.co/google/pegasus-cnn_dailymail/resolve/main/model.safetensors "HTTP/1.1 404 Not Found"]
[2026-02-13 22:11:15,059: INFO: _client: HTTP Request: GET https://huggingface.co/api/models/google/pegasus-cnn_dailymail "HTTP/1.1 200 OK"]
[2026-02-13 22:11:15,350: INFO: _client: HTTP Request: GET https://huggingface.co/api/models/google/pegasus-cnn_dailymail/commits/main "HTTP/1.1 200 OK"]
[2026-02-13 22:11:15,734: INFO: _client: HTTP Request: GET https://huggingface.co/api/models/google/pegasus-cnn_dailymail/discussions?p=0 "HTTP/1.1 200 OK"]
[2026-02-13 22:11:16,104: INFO: _client: HTTP Request: GET https://huggingface.co/api/models/google/pegasus-cnn_dailymail/commits/refs%2Fpr%2F12 "HTTP/1.1 200 OK"]
[2026-02-13 22:11:16,453: INFO: _client: HTTP Request: HEAD https://huggingface.co/google/pegasus-cnn_dailymail/resolve/refs%2Fpr%2F12/model.safetensors.index.json "HTTP/1.1 404 Not Found"]
[2026-02-13 22:11:16,862: INFO: _client: HTTP Request: HEAD https://huggingface.co/google/pegasus-cnn_dailymail/resolve/refs%2Fpr%2F12/model.safetensors "HTTP/1.1 302 Found"]
[2026-02-13 22:11:28,110: INFO: _client: HTTP Request: HEAD https://huggingface.co/google/pegasus-cnn_dailymail/resolve/main/generation_config.json "HTTP/1.1 307 Temporary Redirect"]
[2026-02-13 22:11:28,133: INFO: _client: HTTP Request: HEAD https://huggingface.co/api/resolve-cache/models/google/pegasus-cnn_dailymail/40d588fdab0cc077b80d950b300bf66ad3c75b92/generation_config.json "HTTP/1.1 200 OK"]
[2026-02-13 22:38:05,970: INFO: common: yaml file: config\config.yaml loaded successfully]
[2026-02-13 22:38:05,975: INFO: common: yaml file: params.yaml loaded successfully]
[2026-02-13 22:38:05,977: INFO: common: created directory at: artifacts]
[2026-02-13 22:38:05,979: INFO: common: created directory at: artifacts/model_trainer]
[2026-02-13 22:38:06,281: INFO: _client: HTTP Request: HEAD https://huggingface.co/google/pegasus-cnn_dailymail/resolve/main/config.json "HTTP/1.1 307 Temporary Redirect"]
[2026-02-13 22:38:06,305: INFO: _client: HTTP Request: HEAD https://huggingface.co/api/resolve-cache/models/google/pegasus-cnn_dailymail/40d588fdab0cc077b80d950b300bf66ad3c75b92/config.json "HTTP/1.1 200 OK"]
[2026-02-13 22:38:06,560: INFO: _client: HTTP Request: HEAD https://huggingface.co/google/pegasus-cnn_dailymail/resolve/main/tokenizer_config.json "HTTP/1.1 307 Temporary Redirect"]
[2026-02-13 22:38:06,570: INFO: _client: HTTP Request: HEAD https://huggingface.co/api/resolve-cache/models/google/pegasus-cnn_dailymail/40d588fdab0cc077b80d950b300bf66ad3c75b92/tokenizer_config.json "HTTP/1.1 200 OK"]
[2026-02-13 22:38:06,867: INFO: _client: HTTP Request: GET https://huggingface.co/api/models/google/pegasus-cnn_dailymail/tree/main/additional_chat_templates?recursive=false&expand=false "HTTP/1.1 404 Not Found"]
[2026-02-13 22:38:07,176: INFO: _client: HTTP Request: GET https://huggingface.co/api/models/google/pegasus-cnn_dailymail/tree/main?recursive=true&expand=false "HTTP/1.1 200 OK"]
[2026-02-13 22:38:07,790: INFO: _client: HTTP Request: HEAD https://huggingface.co/google/pegasus-cnn_dailymail/resolve/main/config.json "HTTP/1.1 307 Temporary Redirect"]
[2026-02-13 22:38:07,819: INFO: _client: HTTP Request: HEAD https://huggingface.co/api/resolve-cache/models/google/pegasus-cnn_dailymail/40d588fdab0cc077b80d950b300bf66ad3c75b92/config.json "HTTP/1.1 200 OK"]
[2026-02-13 22:38:08,098: INFO: _client: HTTP Request: HEAD https://huggingface.co/google/pegasus-cnn_dailymail/resolve/main/model.safetensors "HTTP/1.1 404 Not Found"]
[2026-02-13 22:38:08,838: INFO: _client: HTTP Request: GET https://huggingface.co/api/models/google/pegasus-cnn_dailymail "HTTP/1.1 200 OK"]
[2026-02-13 22:38:09,137: INFO: _client: HTTP Request: GET https://huggingface.co/api/models/google/pegasus-cnn_dailymail/commits/main "HTTP/1.1 200 OK"]
[2026-02-13 22:38:09,558: INFO: _client: HTTP Request: GET https://huggingface.co/api/models/google/pegasus-cnn_dailymail/discussions?p=0 "HTTP/1.1 200 OK"]
[2026-02-13 22:38:09,973: INFO: _client: HTTP Request: GET https://huggingface.co/api/models/google/pegasus-cnn_dailymail/commits/refs%2Fpr%2F12 "HTTP/1.1 200 OK"]
[2026-02-13 22:38:10,379: INFO: _client: HTTP Request: HEAD https://huggingface.co/google/pegasus-cnn_dailymail/resolve/refs%2Fpr%2F12/model.safetensors.index.json "HTTP/1.1 404 Not Found"]
[2026-02-13 22:38:11,115: INFO: _client: HTTP Request: HEAD https://huggingface.co/google/pegasus-cnn_dailymail/resolve/refs%2Fpr%2F12/model.safetensors "HTTP/1.1 302 Found"]
[2026-02-13 22:38:20,795: INFO: _client: HTTP Request: HEAD https://huggingface.co/google/pegasus-cnn_dailymail/resolve/main/generation_config.json "HTTP/1.1 307 Temporary Redirect"]
[2026-02-13 22:38:20,806: INFO: _client: HTTP Request: HEAD https://huggingface.co/api/resolve-cache/models/google/pegasus-cnn_dailymail/40d588fdab0cc077b80d950b300bf66ad3c75b92/generation_config.json "HTTP/1.1 200 OK"]
[2026-02-13 22:48:40,649: INFO: common: yaml file: config\config.yaml loaded successfully]
[2026-02-13 22:48:40,679: INFO: common: yaml file: params.yaml loaded successfully]
[2026-02-13 22:48:40,691: INFO: common: created directory at: artifacts]
[2026-02-13 22:48:40,692: INFO: common: created directory at: artifacts/model_trainer]
[2026-02-13 22:48:41,132: INFO: _client: HTTP Request: HEAD https://huggingface.co/google/pegasus-cnn_dailymail/resolve/main/config.json "HTTP/1.1 307 Temporary Redirect"]
[2026-02-13 22:48:41,143: INFO: _client: HTTP Request: HEAD https://huggingface.co/api/resolve-cache/models/google/pegasus-cnn_dailymail/40d588fdab0cc077b80d950b300bf66ad3c75b92/config.json "HTTP/1.1 200 OK"]
[2026-02-13 22:48:41,441: INFO: _client: HTTP Request: HEAD https://huggingface.co/google/pegasus-cnn_dailymail/resolve/main/tokenizer_config.json "HTTP/1.1 307 Temporary Redirect"]
[2026-02-13 22:48:41,452: INFO: _client: HTTP Request: HEAD https://huggingface.co/api/resolve-cache/models/google/pegasus-cnn_dailymail/40d588fdab0cc077b80d950b300bf66ad3c75b92/tokenizer_config.json "HTTP/1.1 200 OK"]
[2026-02-13 22:48:41,724: INFO: _client: HTTP Request: GET https://huggingface.co/api/models/google/pegasus-cnn_dailymail/tree/main/additional_chat_templates?recursive=false&expand=false "HTTP/1.1 404 Not Found"]
[2026-02-13 22:48:42,054: INFO: _client: HTTP Request: GET https://huggingface.co/api/models/google/pegasus-cnn_dailymail/tree/main?recursive=true&expand=false "HTTP/1.1 200 OK"]
[2026-02-13 22:48:43,180: INFO: _client: HTTP Request: HEAD https://huggingface.co/google/pegasus-cnn_dailymail/resolve/main/config.json "HTTP/1.1 307 Temporary Redirect"]
[2026-02-13 22:48:43,192: INFO: _client: HTTP Request: HEAD https://huggingface.co/api/resolve-cache/models/google/pegasus-cnn_dailymail/40d588fdab0cc077b80d950b300bf66ad3c75b92/config.json "HTTP/1.1 200 OK"]
[2026-02-13 22:48:43,590: INFO: _client: HTTP Request: HEAD https://huggingface.co/google/pegasus-cnn_dailymail/resolve/main/model.safetensors "HTTP/1.1 404 Not Found"]
[2026-02-13 22:48:43,830: INFO: _client: HTTP Request: GET https://huggingface.co/api/models/google/pegasus-cnn_dailymail "HTTP/1.1 200 OK"]
[2026-02-13 22:48:44,469: INFO: _client: HTTP Request: GET https://huggingface.co/api/models/google/pegasus-cnn_dailymail/commits/main "HTTP/1.1 200 OK"]
[2026-02-13 22:48:44,827: INFO: _client: HTTP Request: GET https://huggingface.co/api/models/google/pegasus-cnn_dailymail/discussions?p=0 "HTTP/1.1 200 OK"]
[2026-02-13 22:48:45,298: INFO: _client: HTTP Request: GET https://huggingface.co/api/models/google/pegasus-cnn_dailymail/commits/refs%2Fpr%2F12 "HTTP/1.1 200 OK"]
[2026-02-13 22:48:45,742: INFO: _client: HTTP Request: HEAD https://huggingface.co/google/pegasus-cnn_dailymail/resolve/refs%2Fpr%2F12/model.safetensors.index.json "HTTP/1.1 404 Not Found"]
[2026-02-13 22:48:46,144: INFO: _client: HTTP Request: HEAD https://huggingface.co/google/pegasus-cnn_dailymail/resolve/refs%2Fpr%2F12/model.safetensors "HTTP/1.1 302 Found"]
[2026-02-13 22:48:51,988: INFO: _client: HTTP Request: HEAD https://huggingface.co/google/pegasus-cnn_dailymail/resolve/main/generation_config.json "HTTP/1.1 307 Temporary Redirect"]
[2026-02-13 22:48:52,005: INFO: _client: HTTP Request: HEAD https://huggingface.co/api/resolve-cache/models/google/pegasus-cnn_dailymail/40d588fdab0cc077b80d950b300bf66ad3c75b92/generation_config.json "HTTP/1.1 200 OK"]
[2026-02-13 22:49:21,893: INFO: common: yaml file: config\config.yaml loaded successfully]
[2026-02-13 22:49:21,896: INFO: common: yaml file: params.yaml loaded successfully]
[2026-02-13 22:49:21,898: INFO: common: created directory at: artifacts]
[2026-02-13 22:49:21,900: INFO: common: created directory at: artifacts/model_trainer]
[2026-02-13 22:49:22,196: INFO: _client: HTTP Request: HEAD https://huggingface.co/google/pegasus-cnn_dailymail/resolve/main/config.json "HTTP/1.1 307 Temporary Redirect"]
[2026-02-13 22:49:22,206: INFO: _client: HTTP Request: HEAD https://huggingface.co/api/resolve-cache/models/google/pegasus-cnn_dailymail/40d588fdab0cc077b80d950b300bf66ad3c75b92/config.json "HTTP/1.1 200 OK"]
[2026-02-13 22:49:22,605: INFO: _client: HTTP Request: HEAD https://huggingface.co/google/pegasus-cnn_dailymail/resolve/main/tokenizer_config.json "HTTP/1.1 307 Temporary Redirect"]
[2026-02-13 22:49:22,616: INFO: _client: HTTP Request: HEAD https://huggingface.co/api/resolve-cache/models/google/pegasus-cnn_dailymail/40d588fdab0cc077b80d950b300bf66ad3c75b92/tokenizer_config.json "HTTP/1.1 200 OK"]
[2026-02-13 22:49:22,912: INFO: _client: HTTP Request: GET https://huggingface.co/api/models/google/pegasus-cnn_dailymail/tree/main/additional_chat_templates?recursive=false&expand=false "HTTP/1.1 404 Not Found"]
[2026-02-13 22:49:23,218: INFO: _client: HTTP Request: GET https://huggingface.co/api/models/google/pegasus-cnn_dailymail/tree/main?recursive=true&expand=false "HTTP/1.1 200 OK"]
[2026-02-13 22:49:23,731: INFO: _client: HTTP Request: HEAD https://huggingface.co/google/pegasus-cnn_dailymail/resolve/main/config.json "HTTP/1.1 307 Temporary Redirect"]
[2026-02-13 22:49:23,740: INFO: _client: HTTP Request: HEAD https://huggingface.co/api/resolve-cache/models/google/pegasus-cnn_dailymail/40d588fdab0cc077b80d950b300bf66ad3c75b92/config.json "HTTP/1.1 200 OK"]
[2026-02-13 22:49:24,038: INFO: _client: HTTP Request: HEAD https://huggingface.co/google/pegasus-cnn_dailymail/resolve/main/model.safetensors "HTTP/1.1 404 Not Found"]
[2026-02-13 22:49:24,281: INFO: _client: HTTP Request: GET https://huggingface.co/api/models/google/pegasus-cnn_dailymail "HTTP/1.1 200 OK"]
[2026-02-13 22:49:25,010: INFO: _client: HTTP Request: GET https://huggingface.co/api/models/google/pegasus-cnn_dailymail/commits/main "HTTP/1.1 200 OK"]
[2026-02-13 22:49:25,405: INFO: _client: HTTP Request: GET https://huggingface.co/api/models/google/pegasus-cnn_dailymail/discussions?p=0 "HTTP/1.1 200 OK"]
[2026-02-13 22:49:25,884: INFO: _client: HTTP Request: GET https://huggingface.co/api/models/google/pegasus-cnn_dailymail/commits/refs%2Fpr%2F12 "HTTP/1.1 200 OK"]
[2026-02-13 22:49:26,174: INFO: _client: HTTP Request: HEAD https://huggingface.co/google/pegasus-cnn_dailymail/resolve/refs%2Fpr%2F12/model.safetensors.index.json "HTTP/1.1 404 Not Found"]
[2026-02-13 22:49:26,610: INFO: _client: HTTP Request: HEAD https://huggingface.co/google/pegasus-cnn_dailymail/resolve/refs%2Fpr%2F12/model.safetensors "HTTP/1.1 302 Found"]
[2026-02-13 22:49:33,153: INFO: _client: HTTP Request: HEAD https://huggingface.co/google/pegasus-cnn_dailymail/resolve/main/generation_config.json "HTTP/1.1 307 Temporary Redirect"]
[2026-02-13 22:49:33,170: INFO: _client: HTTP Request: HEAD https://huggingface.co/api/resolve-cache/models/google/pegasus-cnn_dailymail/40d588fdab0cc077b80d950b300bf66ad3c75b92/generation_config.json "HTTP/1.1 200 OK"]
[2026-02-13 22:54:54,402: INFO: common: yaml file: config\config.yaml loaded successfully]
[2026-02-13 22:54:54,406: INFO: common: yaml file: params.yaml loaded successfully]
[2026-02-13 22:54:54,408: INFO: common: created directory at: artifacts]
[2026-02-13 22:54:54,410: INFO: common: created directory at: artifacts/model_trainer]
[2026-02-13 22:54:54,671: INFO: _client: HTTP Request: HEAD https://huggingface.co/google/pegasus-cnn_dailymail/resolve/main/config.json "HTTP/1.1 307 Temporary Redirect"]
[2026-02-13 22:54:54,680: INFO: _client: HTTP Request: HEAD https://huggingface.co/api/resolve-cache/models/google/pegasus-cnn_dailymail/40d588fdab0cc077b80d950b300bf66ad3c75b92/config.json "HTTP/1.1 200 OK"]
[2026-02-13 22:54:54,993: INFO: _client: HTTP Request: HEAD https://huggingface.co/google/pegasus-cnn_dailymail/resolve/main/tokenizer_config.json "HTTP/1.1 307 Temporary Redirect"]
[2026-02-13 22:54:55,002: INFO: _client: HTTP Request: HEAD https://huggingface.co/api/resolve-cache/models/google/pegasus-cnn_dailymail/40d588fdab0cc077b80d950b300bf66ad3c75b92/tokenizer_config.json "HTTP/1.1 200 OK"]
[2026-02-13 22:54:55,301: INFO: _client: HTTP Request: GET https://huggingface.co/api/models/google/pegasus-cnn_dailymail/tree/main/additional_chat_templates?recursive=false&expand=false "HTTP/1.1 404 Not Found"]
[2026-02-13 22:54:55,610: INFO: _client: HTTP Request: GET https://huggingface.co/api/models/google/pegasus-cnn_dailymail/tree/main?recursive=true&expand=false "HTTP/1.1 200 OK"]
[2026-02-13 22:54:56,075: INFO: _client: HTTP Request: HEAD https://huggingface.co/google/pegasus-cnn_dailymail/resolve/main/config.json "HTTP/1.1 307 Temporary Redirect"]
[2026-02-13 22:54:56,077: WARNING: _http: Warning: You are sending unauthenticated requests to the HF Hub. Please set a HF_TOKEN to enable higher rate limits and faster downloads.]
[2026-02-13 22:54:56,086: INFO: _client: HTTP Request: HEAD https://huggingface.co/api/resolve-cache/models/google/pegasus-cnn_dailymail/40d588fdab0cc077b80d950b300bf66ad3c75b92/config.json "HTTP/1.1 200 OK"]
[2026-02-13 22:54:56,392: INFO: _client: HTTP Request: HEAD https://huggingface.co/google/pegasus-cnn_dailymail/resolve/main/model.safetensors "HTTP/1.1 404 Not Found"]
[2026-02-13 22:54:57,037: INFO: _client: HTTP Request: GET https://huggingface.co/api/models/google/pegasus-cnn_dailymail "HTTP/1.1 200 OK"]
[2026-02-13 22:54:57,513: INFO: _client: HTTP Request: GET https://huggingface.co/api/models/google/pegasus-cnn_dailymail/commits/main "HTTP/1.1 200 OK"]
[2026-02-13 22:54:57,862: INFO: _client: HTTP Request: GET https://huggingface.co/api/models/google/pegasus-cnn_dailymail/discussions?p=0 "HTTP/1.1 200 OK"]
[2026-02-13 22:54:58,332: INFO: _client: HTTP Request: GET https://huggingface.co/api/models/google/pegasus-cnn_dailymail/commits/refs%2Fpr%2F12 "HTTP/1.1 200 OK"]
[2026-02-13 22:54:58,580: INFO: _client: HTTP Request: HEAD https://huggingface.co/google/pegasus-cnn_dailymail/resolve/refs%2Fpr%2F12/model.safetensors.index.json "HTTP/1.1 404 Not Found"]
[2026-02-13 22:54:58,895: INFO: _client: HTTP Request: HEAD https://huggingface.co/google/pegasus-cnn_dailymail/resolve/refs%2Fpr%2F12/model.safetensors "HTTP/1.1 302 Found"]
[2026-02-13 22:55:06,668: INFO: _client: HTTP Request: HEAD https://huggingface.co/google/pegasus-cnn_dailymail/resolve/main/generation_config.json "HTTP/1.1 307 Temporary Redirect"]
[2026-02-13 22:55:06,684: INFO: _client: HTTP Request: HEAD https://huggingface.co/api/resolve-cache/models/google/pegasus-cnn_dailymail/40d588fdab0cc077b80d950b300bf66ad3c75b92/generation_config.json "HTTP/1.1 200 OK"]
[2026-02-13 23:24:14,490: INFO: common: yaml file: config\config.yaml loaded successfully]
[2026-02-13 23:24:14,509: INFO: common: yaml file: params.yaml loaded successfully]
[2026-02-13 23:24:14,511: INFO: common: created directory at: artifacts]
[2026-02-13 23:24:14,512: INFO: common: created directory at: artifacts/model_trainer]
[2026-02-13 23:26:16,537: INFO: common: yaml file: config\config.yaml loaded successfully]
[2026-02-13 23:26:16,558: INFO: common: yaml file: params.yaml loaded successfully]
[2026-02-13 23:26:16,560: INFO: common: created directory at: artifacts]
[2026-02-13 23:26:16,561: INFO: common: created directory at: artifacts/model_trainer]
